---
http_interactions:
- request:
    method: get
    uri: https://bruno-s3-testing.s3.amazonaws.com/?versioning=
    body:
      encoding: US-ASCII
      string: ''
    headers:
      Content-Type:
      - ''
      Accept-Encoding:
      - ''
      User-Agent:
      - aws-sdk-ruby/1.53.0 ruby/2.1.2 x86_64-darwin13.0
      Date:
      - Thu, 02 Oct 2014 21:35:34 GMT
      Authorization:
      - AWS SHHHHHHHHHHH:9eHwaGPo3ACcv19q4sBLV4r9nFk=
      Accept:
      - "*/*"
  response:
    status:
      code: 200
      message: OK
    headers:
      X-Amz-Id-2:
      - JTfzyBLuaGkaP+wzOftrBG7/8fJ3+8cxNygz7+MEUqQLv/y2PCUVsgf8PBM0l140
      X-Amz-Request-Id:
      - AA873E128DE696A5
      Date:
      - Thu, 02 Oct 2014 21:35:32 GMT
      Transfer-Encoding:
      - chunked
      Server:
      - AmazonS3
    body:
      encoding: UTF-8
      string: |-
        <?xml version="1.0" encoding="UTF-8"?>
        <VersioningConfiguration xmlns="http://s3.amazonaws.com/doc/2006-03-01/"/>
    http_version: 
  recorded_at: Thu, 02 Oct 2014 21:35:35 GMT
- request:
    method: head
    uri: https://bruno-s3-testing.s3.amazonaws.com/files/shipment_batch.csv
    body:
      encoding: US-ASCII
      string: ''
    headers:
      Content-Type:
      - ''
      Accept-Encoding:
      - ''
      User-Agent:
      - aws-sdk-ruby/1.53.0 ruby/2.1.2 x86_64-darwin13.0
      Date:
      - Thu, 02 Oct 2014 21:35:35 GMT
      Authorization:
      - AWS SHHHHHHHHHHH:Yl65TkGYpzbV+jwznFNQGCWvVfo=
      Accept:
      - "*/*"
  response:
    status:
      code: 404
      message: Not Found
    headers:
      X-Amz-Request-Id:
      - 84DA619C652F43FE
      X-Amz-Id-2:
      - "+RL7ZCQgAzqLnMUb0KAi3g0pUA5tmUwNDnzIHk0NAD0+Bfga/39J628dmPOPNhJX"
      Content-Type:
      - application/xml
      Transfer-Encoding:
      - chunked
      Date:
      - Thu, 02 Oct 2014 21:35:31 GMT
      Server:
      - AmazonS3
    body:
      encoding: UTF-8
      string: ''
    http_version: 
  recorded_at: Thu, 02 Oct 2014 21:35:36 GMT
- request:
    method: put
    uri: https://bruno-s3-testing.s3.amazonaws.com/files/shipment_batch.csv
    body:
      encoding: ASCII-8BIT
      string: |-
        id,status,channel,email,currency,placed_on,totals.item,totals.adjustment,totals.tax,totals.shipping,totals.payment,totals.order,items.0.product_id,items.0.name,items.0.quantity,items.0.price,adjustments.0.name,adjustments.0.value,adjustments.1.name,adjustments.1.value,adjustments.2.name,adjustments.2.value,shipping_address.firstname,shipping_address.lastname,shipping_address.address1,shipping_address.address2,shipping_address.zipcode,shipping_address.city,shipping_address.state,shipping_address.country,shipping_address.phone,billing_address.firstname,billing_address.lastname,billing_address.address1,billing_address.address2,billing_address.zipcode,billing_address.state,billing_address.country,billing_address.phone
        R9,complete,spree,spree@example.com,USD,2014-02-03T17:29:15.219Z,200,20,10,10,220,220,QTRZIM03,QTRZIM03,2,100,Tax,10,Shipping,5,Shipping,5,Joe,Smith,1234 Awesome Street,,90210,Hollywood,California,US,0000000000,Joe,Smith,1234 Awesome Street,,90210,California,US,0000000000
        R1,complete,spree,spree@example.com,USD,2014-02-03T17:29:15.219Z,200,20,10,10,220,220,QTRZIM03,QTRZIM03,2,100,Tax,10,Shipping,5,Shipping,5,Joe,Smith,1234 Awesome Street,,90210,Hollywood,California,US,0000000000,Joe,Smith,1234 Awesome Street,,90210,California,US,0000000000
    headers:
      Content-Type:
      - ''
      Accept-Encoding:
      - ''
      Content-Length:
      - '1269'
      User-Agent:
      - aws-sdk-ruby/1.53.0 ruby/2.1.2 x86_64-darwin13.0
      Date:
      - Thu, 02 Oct 2014 21:35:36 GMT
      Authorization:
      - AWS SHHHHHHHHHHH:ecMzgWGnWuR20+vY5nFv3I0zKaY=
      Accept:
      - "*/*"
  response:
    status:
      code: 200
      message: OK
    headers:
      X-Amz-Id-2:
      - D2CeEFkoSeVvycsIOPnW7N6Y/1nkh6Og63+U7xRlbhe3fhQcYOI4yA5sV7JD2+Q3
      X-Amz-Request-Id:
      - B4283A2F235853A7
      Date:
      - Thu, 02 Oct 2014 21:35:34 GMT
      Etag:
      - '"b048c232e47fd357bcfe01bb6d6d3806"'
      Content-Length:
      - '0'
      Server:
      - AmazonS3
    body:
      encoding: UTF-8
      string: ''
    http_version: 
  recorded_at: Thu, 02 Oct 2014 21:35:37 GMT
recorded_with: VCR 2.9.2
